Archive member included to satisfy reference by file (symbol)

c:/program files (x86)/atmel/studio/7.0/toolchain/avr8/avr8-gnu-toolchain/bin/../lib/gcc/avr/5.4.0/avr5\libgcc.a(_exit.o)
                              C:/Program Files (x86)/Atmel/Studio/7.0/Packs/atmel/ATmega_DFP/1.7.374/gcc/dev/atmega32/avr5/crtatmega32.o (exit)
c:/program files (x86)/atmel/studio/7.0/toolchain/avr8/avr8-gnu-toolchain/bin/../lib/gcc/avr/5.4.0/avr5\libgcc.a(_copy_data.o)
                              ECU_LAYER/KRYPAD/ecu_keypad.o (__do_copy_data)
c:/program files (x86)/atmel/studio/7.0/toolchain/avr8/avr8-gnu-toolchain/bin/../lib/gcc/avr/5.4.0/avr5\libgcc.a(_clear_bss.o)
                              main.o (__do_clear_bss)
c:/program files (x86)/atmel/studio/7.0/toolchain/avr8/avr8-gnu-toolchain/bin/../lib/gcc/avr/5.4.0/../../../../avr/lib/avr5\libc.a(sprintf.o)
                              ECU_LAYER/LCD/ecu_lcd.o (sprintf)
c:/program files (x86)/atmel/studio/7.0/toolchain/avr8/avr8-gnu-toolchain/bin/../lib/gcc/avr/5.4.0/../../../../avr/lib/avr5\libc.a(vfprintf_std.o)
                              c:/program files (x86)/atmel/studio/7.0/toolchain/avr8/avr8-gnu-toolchain/bin/../lib/gcc/avr/5.4.0/../../../../avr/lib/avr5\libc.a(sprintf.o) (vfprintf)
c:/program files (x86)/atmel/studio/7.0/toolchain/avr8/avr8-gnu-toolchain/bin/../lib/gcc/avr/5.4.0/../../../../avr/lib/avr5\libc.a(strnlen_P.o)
                              c:/program files (x86)/atmel/studio/7.0/toolchain/avr8/avr8-gnu-toolchain/bin/../lib/gcc/avr/5.4.0/../../../../avr/lib/avr5\libc.a(vfprintf_std.o) (strnlen_P)
c:/program files (x86)/atmel/studio/7.0/toolchain/avr8/avr8-gnu-toolchain/bin/../lib/gcc/avr/5.4.0/../../../../avr/lib/avr5\libc.a(strnlen.o)
                              c:/program files (x86)/atmel/studio/7.0/toolchain/avr8/avr8-gnu-toolchain/bin/../lib/gcc/avr/5.4.0/../../../../avr/lib/avr5\libc.a(vfprintf_std.o) (strnlen)
c:/program files (x86)/atmel/studio/7.0/toolchain/avr8/avr8-gnu-toolchain/bin/../lib/gcc/avr/5.4.0/../../../../avr/lib/avr5\libc.a(fputc.o)
                              c:/program files (x86)/atmel/studio/7.0/toolchain/avr8/avr8-gnu-toolchain/bin/../lib/gcc/avr/5.4.0/../../../../avr/lib/avr5\libc.a(vfprintf_std.o) (fputc)
c:/program files (x86)/atmel/studio/7.0/toolchain/avr8/avr8-gnu-toolchain/bin/../lib/gcc/avr/5.4.0/../../../../avr/lib/avr5\libc.a(ultoa_invert.o)
                              c:/program files (x86)/atmel/studio/7.0/toolchain/avr8/avr8-gnu-toolchain/bin/../lib/gcc/avr/5.4.0/../../../../avr/lib/avr5\libc.a(vfprintf_std.o) (__ultoa_invert)
c:/program files (x86)/atmel/studio/7.0/toolchain/avr8/avr8-gnu-toolchain/bin/../lib/gcc/avr/5.4.0/avr5\libgcc.a(_prologue.o)
                              c:/program files (x86)/atmel/studio/7.0/toolchain/avr8/avr8-gnu-toolchain/bin/../lib/gcc/avr/5.4.0/../../../../avr/lib/avr5\libc.a(sprintf.o) (__prologue_saves__)
c:/program files (x86)/atmel/studio/7.0/toolchain/avr8/avr8-gnu-toolchain/bin/../lib/gcc/avr/5.4.0/avr5\libgcc.a(_epilogue.o)
                              c:/program files (x86)/atmel/studio/7.0/toolchain/avr8/avr8-gnu-toolchain/bin/../lib/gcc/avr/5.4.0/../../../../avr/lib/avr5\libc.a(sprintf.o) (__epilogue_restores__)

Discarded input sections

 .data          0x00000000        0x0 C:/Program Files (x86)/Atmel/Studio/7.0/Packs/atmel/ATmega_DFP/1.7.374/gcc/dev/atmega32/avr5/crtatmega32.o
 .bss           0x00000000        0x0 C:/Program Files (x86)/Atmel/Studio/7.0/Packs/atmel/ATmega_DFP/1.7.374/gcc/dev/atmega32/avr5/crtatmega32.o
 .text          0x00000000        0x0 ECU_LAYER/BUTTON/ecu_button.o
 .data          0x00000000        0x0 ECU_LAYER/BUTTON/ecu_button.o
 .bss           0x00000000        0x0 ECU_LAYER/BUTTON/ecu_button.o
 .text.Button_Init
                0x00000000       0x12 ECU_LAYER/BUTTON/ecu_button.o
 .text.Button_Read_Value
                0x00000000       0x70 ECU_LAYER/BUTTON/ecu_button.o
 .debug_info    0x00000000      0x31c ECU_LAYER/BUTTON/ecu_button.o
 .debug_abbrev  0x00000000      0x11a ECU_LAYER/BUTTON/ecu_button.o
 .debug_loc     0x00000000      0x1b8 ECU_LAYER/BUTTON/ecu_button.o
 .debug_aranges
                0x00000000       0x28 ECU_LAYER/BUTTON/ecu_button.o
 .debug_ranges  0x00000000       0x18 ECU_LAYER/BUTTON/ecu_button.o
 .debug_line    0x00000000      0x154 ECU_LAYER/BUTTON/ecu_button.o
 .debug_str     0x00000000      0x326 ECU_LAYER/BUTTON/ecu_button.o
 .comment       0x00000000       0x31 ECU_LAYER/BUTTON/ecu_button.o
 .debug_frame   0x00000000       0x58 ECU_LAYER/BUTTON/ecu_button.o
 .text          0x00000000        0x0 ECU_LAYER/KRYPAD/ecu_keypad.o
 .data          0x00000000        0x0 ECU_LAYER/KRYPAD/ecu_keypad.o
 .bss           0x00000000        0x0 ECU_LAYER/KRYPAD/ecu_keypad.o
 .text.keypad_initialize
                0x00000000       0x5c ECU_LAYER/KRYPAD/ecu_keypad.o
 .text.keypad_read_value
                0x00000000       0xe8 ECU_LAYER/KRYPAD/ecu_keypad.o
 .data.keypad_values
                0x00000000       0x10 ECU_LAYER/KRYPAD/ecu_keypad.o
 .debug_info    0x00000000      0x421 ECU_LAYER/KRYPAD/ecu_keypad.o
 .debug_abbrev  0x00000000      0x1b0 ECU_LAYER/KRYPAD/ecu_keypad.o
 .debug_loc     0x00000000      0x422 ECU_LAYER/KRYPAD/ecu_keypad.o
 .debug_aranges
                0x00000000       0x28 ECU_LAYER/KRYPAD/ecu_keypad.o
 .debug_ranges  0x00000000       0x18 ECU_LAYER/KRYPAD/ecu_keypad.o
 .debug_line    0x00000000      0x292 ECU_LAYER/KRYPAD/ecu_keypad.o
 .debug_str     0x00000000      0x388 ECU_LAYER/KRYPAD/ecu_keypad.o
 .comment       0x00000000       0x31 ECU_LAYER/KRYPAD/ecu_keypad.o
 .debug_frame   0x00000000       0x8c ECU_LAYER/KRYPAD/ecu_keypad.o
 .text          0x00000000        0x0 ECU_LAYER/LCD/ecu_lcd.o
 .data          0x00000000        0x0 ECU_LAYER/LCD/ecu_lcd.o
 .bss           0x00000000        0x0 ECU_LAYER/LCD/ecu_lcd.o
 .text.enable_signal_8bits
                0x00000000       0x2e ECU_LAYER/LCD/ecu_lcd.o
 .text.send_4bits
                0x00000000       0x4e ECU_LAYER/LCD/ecu_lcd.o
 .text.enable_signal_4bits
                0x00000000       0x2e ECU_LAYER/LCD/ecu_lcd.o
 .text.lcd_8bit_send_command
                0x00000000       0x68 ECU_LAYER/LCD/ecu_lcd.o
 .text.lcd_8bit_initialize
                0x00000000       0xae ECU_LAYER/LCD/ecu_lcd.o
 .text.lcd_8bits_set_cursor
                0x00000000       0x40 ECU_LAYER/LCD/ecu_lcd.o
 .text.lcd_8bit_send_char
                0x00000000       0x68 ECU_LAYER/LCD/ecu_lcd.o
 .text.lcd_8bit_send_char_pos
                0x00000000       0x28 ECU_LAYER/LCD/ecu_lcd.o
 .text.lcd_8bit_send_string
                0x00000000       0x32 ECU_LAYER/LCD/ecu_lcd.o
 .text.lcd_8bit_send_string_pos
                0x00000000       0x2a ECU_LAYER/LCD/ecu_lcd.o
 .text.lcd_8bit_custom_character
                0x00000000       0x68 ECU_LAYER/LCD/ecu_lcd.o
 .text.lcd_4bit_send_command
                0x00000000       0x42 ECU_LAYER/LCD/ecu_lcd.o
 .text.lcd_4bit_initialize
                0x00000000       0xb0 ECU_LAYER/LCD/ecu_lcd.o
 .text.lcd_4bits_set_cursor
                0x00000000       0x40 ECU_LAYER/LCD/ecu_lcd.o
 .text.lcd_4bit_send_char
                0x00000000       0x42 ECU_LAYER/LCD/ecu_lcd.o
 .text.lcd_4bit_send_char_pos
                0x00000000       0x26 ECU_LAYER/LCD/ecu_lcd.o
 .text.lcd_4bit_send_string
                0x00000000       0x30 ECU_LAYER/LCD/ecu_lcd.o
 .text.lcd_4bit_send_string_pos
                0x00000000       0x2a ECU_LAYER/LCD/ecu_lcd.o
 .text.lcd_4bit_custom_character
                0x00000000       0x68 ECU_LAYER/LCD/ecu_lcd.o
 .rodata.str1.1
                0x00000000        0x6 ECU_LAYER/LCD/ecu_lcd.o
 .text.convert_uint8_to_string
                0x00000000       0x3a ECU_LAYER/LCD/ecu_lcd.o
 .text.convert_uint16_to_string
                0x00000000       0x32 ECU_LAYER/LCD/ecu_lcd.o
 .text.convert_uint32_to_string
                0x00000000       0x32 ECU_LAYER/LCD/ecu_lcd.o
 .debug_info    0x00000000     0x1575 ECU_LAYER/LCD/ecu_lcd.o
 .debug_abbrev  0x00000000      0x29e ECU_LAYER/LCD/ecu_lcd.o
 .debug_loc     0x00000000     0x1b70 ECU_LAYER/LCD/ecu_lcd.o
 .debug_aranges
                0x00000000       0xc8 ECU_LAYER/LCD/ecu_lcd.o
 .debug_ranges  0x00000000       0xb8 ECU_LAYER/LCD/ecu_lcd.o
 .debug_line    0x00000000      0x79d ECU_LAYER/LCD/ecu_lcd.o
 .debug_str     0x00000000      0x557 ECU_LAYER/LCD/ecu_lcd.o
 .comment       0x00000000       0x31 ECU_LAYER/LCD/ecu_lcd.o
 .debug_frame   0x00000000      0x320 ECU_LAYER/LCD/ecu_lcd.o
 .text          0x00000000        0x0 ECU_LAYER/Seven_Segment/ecu_seven_segment.o
 .data          0x00000000        0x0 ECU_LAYER/Seven_Segment/ecu_seven_segment.o
 .bss           0x00000000        0x0 ECU_LAYER/Seven_Segment/ecu_seven_segment.o
 .text.Seven_Segment_Init
                0x00000000       0x32 ECU_LAYER/Seven_Segment/ecu_seven_segment.o
 .text.Seven_Segment_Write_Value
                0x00000000       0x4c ECU_LAYER/Seven_Segment/ecu_seven_segment.o
 .debug_info    0x00000000      0x3a4 ECU_LAYER/Seven_Segment/ecu_seven_segment.o
 .debug_abbrev  0x00000000      0x11d ECU_LAYER/Seven_Segment/ecu_seven_segment.o
 .debug_loc     0x00000000      0x16c ECU_LAYER/Seven_Segment/ecu_seven_segment.o
 .debug_aranges
                0x00000000       0x28 ECU_LAYER/Seven_Segment/ecu_seven_segment.o
 .debug_ranges  0x00000000       0x18 ECU_LAYER/Seven_Segment/ecu_seven_segment.o
 .debug_line    0x00000000      0x15c ECU_LAYER/Seven_Segment/ecu_seven_segment.o
 .debug_str     0x00000000      0x32d ECU_LAYER/Seven_Segment/ecu_seven_segment.o
 .comment       0x00000000       0x31 ECU_LAYER/Seven_Segment/ecu_seven_segment.o
 .debug_frame   0x00000000       0x50 ECU_LAYER/Seven_Segment/ecu_seven_segment.o
 .text          0x00000000        0x0 main.o
 .data          0x00000000        0x0 main.o
 .bss           0x00000000        0x0 main.o
 .bss.num       0x00000000        0x1 main.o
 .text          0x00000000        0x0 MCAL_LAYER/GPIO/gpio.o
 .data          0x00000000        0x0 MCAL_LAYER/GPIO/gpio.o
 .bss           0x00000000        0x0 MCAL_LAYER/GPIO/gpio.o
 .text.gpio_pin_read_logic
                0x00000000       0x48 MCAL_LAYER/GPIO/gpio.o
 .text.gpio_pin_toggle_logic
                0x00000000       0x48 MCAL_LAYER/GPIO/gpio.o
 .text.gpio_port_direction_initialize
                0x00000000       0x1a MCAL_LAYER/GPIO/gpio.o
 .text.gpio_port_write_logic
                0x00000000       0x1a MCAL_LAYER/GPIO/gpio.o
 .text.gpio_port_read_logic
                0x00000000       0x1e MCAL_LAYER/GPIO/gpio.o
 .text.gpio_port_toggle_logic
                0x00000000       0x1e MCAL_LAYER/GPIO/gpio.o
 .rodata.PIN_registers
                0x00000000        0x8 MCAL_LAYER/GPIO/gpio.o
 .text          0x00000000        0x0 MCAL_LAYER/INTERRUPTS/external_interrupt.o
 .data          0x00000000        0x0 MCAL_LAYER/INTERRUPTS/external_interrupt.o
 .bss           0x00000000        0x0 MCAL_LAYER/INTERRUPTS/external_interrupt.o
 .text.DISABLE_Init
                0x00000000       0x40 MCAL_LAYER/INTERRUPTS/external_interrupt.o
 .text          0x00000000        0x0 MCAL_LAYER/PORT/port.o
 .data          0x00000000        0x0 MCAL_LAYER/PORT/port.o
 .bss           0x00000000        0x0 MCAL_LAYER/PORT/port.o
 .text.PORT_INIT_FUN
                0x00000000       0x14 MCAL_LAYER/PORT/port.o
 .debug_info    0x00000000       0x9c MCAL_LAYER/PORT/port.o
 .debug_abbrev  0x00000000       0x53 MCAL_LAYER/PORT/port.o
 .debug_aranges
                0x00000000       0x20 MCAL_LAYER/PORT/port.o
 .debug_ranges  0x00000000       0x10 MCAL_LAYER/PORT/port.o
 .debug_line    0x00000000       0xa8 MCAL_LAYER/PORT/port.o
 .debug_str     0x00000000      0x18e MCAL_LAYER/PORT/port.o
 .comment       0x00000000       0x31 MCAL_LAYER/PORT/port.o
 .debug_frame   0x00000000       0x24 MCAL_LAYER/PORT/port.o
 .text          0x00000000        0x0 c:/program files (x86)/atmel/studio/7.0/toolchain/avr8/avr8-gnu-toolchain/bin/../lib/gcc/avr/5.4.0/avr5\libgcc.a(_exit.o)
 .data          0x00000000        0x0 c:/program files (x86)/atmel/studio/7.0/toolchain/avr8/avr8-gnu-toolchain/bin/../lib/gcc/avr/5.4.0/avr5\libgcc.a(_exit.o)
 .bss           0x00000000        0x0 c:/program files (x86)/atmel/studio/7.0/toolchain/avr8/avr8-gnu-toolchain/bin/../lib/gcc/avr/5.4.0/avr5\libgcc.a(_exit.o)
 .text.libgcc.mul
                0x00000000        0x0 c:/program files (x86)/atmel/studio/7.0/toolchain/avr8/avr8-gnu-toolchain/bin/../lib/gcc/avr/5.4.0/avr5\libgcc.a(_exit.o)
 .text.libgcc.div
                0x00000000        0x0 c:/program files (x86)/atmel/studio/7.0/toolchain/avr8/avr8-gnu-toolchain/bin/../lib/gcc/avr/5.4.0/avr5\libgcc.a(_exit.o)
 .text.libgcc   0x00000000        0x0 c:/program files (x86)/atmel/studio/7.0/toolchain/avr8/avr8-gnu-toolchain/bin/../lib/gcc/avr/5.4.0/avr5\libgcc.a(_exit.o)
 .text.libgcc.prologue
                0x00000000        0x0 c:/program files (x86)/atmel/studio/7.0/toolchain/avr8/avr8-gnu-toolchain/bin/../lib/gcc/avr/5.4.0/avr5\libgcc.a(_exit.o)
 .text.libgcc.builtins
                0x00000000        0x0 c:/program files (x86)/atmel/studio/7.0/toolchain/avr8/avr8-gnu-toolchain/bin/../lib/gcc/avr/5.4.0/avr5\libgcc.a(_exit.o)
 .text.libgcc.fmul
                0x00000000        0x0 c:/program files (x86)/atmel/studio/7.0/toolchain/avr8/avr8-gnu-toolchain/bin/../lib/gcc/avr/5.4.0/avr5\libgcc.a(_exit.o)
 .text.libgcc.fixed
                0x00000000        0x0 c:/program files (x86)/atmel/studio/7.0/toolchain/avr8/avr8-gnu-toolchain/bin/../lib/gcc/avr/5.4.0/avr5\libgcc.a(_exit.o)
 .text          0x00000000        0x0 c:/program files (x86)/atmel/studio/7.0/toolchain/avr8/avr8-gnu-toolchain/bin/../lib/gcc/avr/5.4.0/avr5\libgcc.a(_copy_data.o)
 .data          0x00000000        0x0 c:/program files (x86)/atmel/studio/7.0/toolchain/avr8/avr8-gnu-toolchain/bin/../lib/gcc/avr/5.4.0/avr5\libgcc.a(_copy_data.o)
 .bss           0x00000000        0x0 c:/program files (x86)/atmel/studio/7.0/toolchain/avr8/avr8-gnu-toolchain/bin/../lib/gcc/avr/5.4.0/avr5\libgcc.a(_copy_data.o)
 .text.libgcc.mul
                0x00000000        0x0 c:/program files (x86)/atmel/studio/7.0/toolchain/avr8/avr8-gnu-toolchain/bin/../lib/gcc/avr/5.4.0/avr5\libgcc.a(_copy_data.o)
 .text.libgcc.div
                0x00000000        0x0 c:/program files (x86)/atmel/studio/7.0/toolchain/avr8/avr8-gnu-toolchain/bin/../lib/gcc/avr/5.4.0/avr5\libgcc.a(_copy_data.o)
 .text.libgcc   0x00000000        0x0 c:/program files (x86)/atmel/studio/7.0/toolchain/avr8/avr8-gnu-toolchain/bin/../lib/gcc/avr/5.4.0/avr5\libgcc.a(_copy_data.o)
 .text.libgcc.prologue
                0x00000000        0x0 c:/program files (x86)/atmel/studio/7.0/toolchain/avr8/avr8-gnu-toolchain/bin/../lib/gcc/avr/5.4.0/avr5\libgcc.a(_copy_data.o)
 .text.libgcc.builtins
                0x00000000        0x0 c:/program files (x86)/atmel/studio/7.0/toolchain/avr8/avr8-gnu-toolchain/bin/../lib/gcc/avr/5.4.0/avr5\libgcc.a(_copy_data.o)
 .text.libgcc.fmul
                0x00000000        0x0 c:/program files (x86)/atmel/studio/7.0/toolchain/avr8/avr8-gnu-toolchain/bin/../lib/gcc/avr/5.4.0/avr5\libgcc.a(_copy_data.o)
 .text.libgcc.fixed
                0x00000000        0x0 c:/program files (x86)/atmel/studio/7.0/toolchain/avr8/avr8-gnu-toolchain/bin/../lib/gcc/avr/5.4.0/avr5\libgcc.a(_copy_data.o)
 .text          0x00000000        0x0 c:/program files (x86)/atmel/studio/7.0/toolchain/avr8/avr8-gnu-toolchain/bin/../lib/gcc/avr/5.4.0/avr5\libgcc.a(_clear_bss.o)
 .data          0x00000000        0x0 c:/program files (x86)/atmel/studio/7.0/toolchain/avr8/avr8-gnu-toolchain/bin/../lib/gcc/avr/5.4.0/avr5\libgcc.a(_clear_bss.o)
 .bss           0x00000000        0x0 c:/program files (x86)/atmel/studio/7.0/toolchain/avr8/avr8-gnu-toolchain/bin/../lib/gcc/avr/5.4.0/avr5\libgcc.a(_clear_bss.o)
 .text.libgcc.mul
                0x00000000        0x0 c:/program files (x86)/atmel/studio/7.0/toolchain/avr8/avr8-gnu-toolchain/bin/../lib/gcc/avr/5.4.0/avr5\libgcc.a(_clear_bss.o)
 .text.libgcc.div
                0x00000000        0x0 c:/program files (x86)/atmel/studio/7.0/toolchain/avr8/avr8-gnu-toolchain/bin/../lib/gcc/avr/5.4.0/avr5\libgcc.a(_clear_bss.o)
 .text.libgcc   0x00000000        0x0 c:/program files (x86)/atmel/studio/7.0/toolchain/avr8/avr8-gnu-toolchain/bin/../lib/gcc/avr/5.4.0/avr5\libgcc.a(_clear_bss.o)
 .text.libgcc.prologue
                0x00000000        0x0 c:/program files (x86)/atmel/studio/7.0/toolchain/avr8/avr8-gnu-toolchain/bin/../lib/gcc/avr/5.4.0/avr5\libgcc.a(_clear_bss.o)
 .text.libgcc.builtins
                0x00000000        0x0 c:/program files (x86)/atmel/studio/7.0/toolchain/avr8/avr8-gnu-toolchain/bin/../lib/gcc/avr/5.4.0/avr5\libgcc.a(_clear_bss.o)
 .text.libgcc.fmul
                0x00000000        0x0 c:/program files (x86)/atmel/studio/7.0/toolchain/avr8/avr8-gnu-toolchain/bin/../lib/gcc/avr/5.4.0/avr5\libgcc.a(_clear_bss.o)
 .text.libgcc.fixed
                0x00000000        0x0 c:/program files (x86)/atmel/studio/7.0/toolchain/avr8/avr8-gnu-toolchain/bin/../lib/gcc/avr/5.4.0/avr5\libgcc.a(_clear_bss.o)
 .text          0x00000000        0x0 c:/program files (x86)/atmel/studio/7.0/toolchain/avr8/avr8-gnu-toolchain/bin/../lib/gcc/avr/5.4.0/../../../../avr/lib/avr5\libc.a(sprintf.o)
 .data          0x00000000        0x0 c:/program files (x86)/atmel/studio/7.0/toolchain/avr8/avr8-gnu-toolchain/bin/../lib/gcc/avr/5.4.0/../../../../avr/lib/avr5\libc.a(sprintf.o)
 .bss           0x00000000        0x0 c:/program files (x86)/atmel/studio/7.0/toolchain/avr8/avr8-gnu-toolchain/bin/../lib/gcc/avr/5.4.0/../../../../avr/lib/avr5\libc.a(sprintf.o)
 .text.avr-libc
                0x00000000       0x44 c:/program files (x86)/atmel/studio/7.0/toolchain/avr8/avr8-gnu-toolchain/bin/../lib/gcc/avr/5.4.0/../../../../avr/lib/avr5\libc.a(sprintf.o)
 .comment       0x00000000       0x31 c:/program files (x86)/atmel/studio/7.0/toolchain/avr8/avr8-gnu-toolchain/bin/../lib/gcc/avr/5.4.0/../../../../avr/lib/avr5\libc.a(sprintf.o)
 .text          0x00000000        0x0 c:/program files (x86)/atmel/studio/7.0/toolchain/avr8/avr8-gnu-toolchain/bin/../lib/gcc/avr/5.4.0/../../../../avr/lib/avr5\libc.a(vfprintf_std.o)
 .data          0x00000000        0x0 c:/program files (x86)/atmel/studio/7.0/toolchain/avr8/avr8-gnu-toolchain/bin/../lib/gcc/avr/5.4.0/../../../../avr/lib/avr5\libc.a(vfprintf_std.o)
 .bss           0x00000000        0x0 c:/program files (x86)/atmel/studio/7.0/toolchain/avr8/avr8-gnu-toolchain/bin/../lib/gcc/avr/5.4.0/../../../../avr/lib/avr5\libc.a(vfprintf_std.o)
 .text.avr-libc
                0x00000000      0x3c2 c:/program files (x86)/atmel/studio/7.0/toolchain/avr8/avr8-gnu-toolchain/bin/../lib/gcc/avr/5.4.0/../../../../avr/lib/avr5\libc.a(vfprintf_std.o)
 .comment       0x00000000       0x2d c:/program files (x86)/atmel/studio/7.0/toolchain/avr8/avr8-gnu-toolchain/bin/../lib/gcc/avr/5.4.0/../../../../avr/lib/avr5\libc.a(vfprintf_std.o)
 .text          0x00000000        0x0 c:/program files (x86)/atmel/studio/7.0/toolchain/avr8/avr8-gnu-toolchain/bin/../lib/gcc/avr/5.4.0/../../../../avr/lib/avr5\libc.a(strnlen_P.o)
 .data          0x00000000        0x0 c:/program files (x86)/atmel/studio/7.0/toolchain/avr8/avr8-gnu-toolchain/bin/../lib/gcc/avr/5.4.0/../../../../avr/lib/avr5\libc.a(strnlen_P.o)
 .bss           0x00000000        0x0 c:/program files (x86)/atmel/studio/7.0/toolchain/avr8/avr8-gnu-toolchain/bin/../lib/gcc/avr/5.4.0/../../../../avr/lib/avr5\libc.a(strnlen_P.o)
 .text.avr-libc
                0x00000000       0x16 c:/program files (x86)/atmel/studio/7.0/toolchain/avr8/avr8-gnu-toolchain/bin/../lib/gcc/avr/5.4.0/../../../../avr/lib/avr5\libc.a(strnlen_P.o)
 .text          0x00000000        0x0 c:/program files (x86)/atmel/studio/7.0/toolchain/avr8/avr8-gnu-toolchain/bin/../lib/gcc/avr/5.4.0/../../../../avr/lib/avr5\libc.a(strnlen.o)
 .data          0x00000000        0x0 c:/program files (x86)/atmel/studio/7.0/toolchain/avr8/avr8-gnu-toolchain/bin/../lib/gcc/avr/5.4.0/../../../../avr/lib/avr5\libc.a(strnlen.o)
 .bss           0x00000000        0x0 c:/program files (x86)/atmel/studio/7.0/toolchain/avr8/avr8-gnu-toolchain/bin/../lib/gcc/avr/5.4.0/../../../../avr/lib/avr5\libc.a(strnlen.o)
 .text.avr-libc
                0x00000000       0x16 c:/program files (x86)/atmel/studio/7.0/toolchain/avr8/avr8-gnu-toolchain/bin/../lib/gcc/avr/5.4.0/../../../../avr/lib/avr5\libc.a(strnlen.o)
 .text          0x00000000        0x0 c:/program files (x86)/atmel/studio/7.0/toolchain/avr8/avr8-gnu-toolchain/bin/../lib/gcc/avr/5.4.0/../../../../avr/lib/avr5\libc.a(fputc.o)
 .data          0x00000000        0x0 c:/program files (x86)/atmel/studio/7.0/toolchain/avr8/avr8-gnu-toolchain/bin/../lib/gcc/avr/5.4.0/../../../../avr/lib/avr5\libc.a(fputc.o)
 .bss           0x00000000        0x0 c:/program files (x86)/atmel/studio/7.0/toolchain/avr8/avr8-gnu-toolchain/bin/../lib/gcc/avr/5.4.0/../../../../avr/lib/avr5\libc.a(fputc.o)
 .text.avr-libc
                0x00000000       0x78 c:/program files (x86)/atmel/studio/7.0/toolchain/avr8/avr8-gnu-toolchain/bin/../lib/gcc/avr/5.4.0/../../../../avr/lib/avr5\libc.a(fputc.o)
 .comment       0x00000000       0x31 c:/program files (x86)/atmel/studio/7.0/toolchain/avr8/avr8-gnu-toolchain/bin/../lib/gcc/avr/5.4.0/../../../../avr/lib/avr5\libc.a(fputc.o)
 .text          0x00000000        0x0 c:/program files (x86)/atmel/studio/7.0/toolchain/avr8/avr8-gnu-toolchain/bin/../lib/gcc/avr/5.4.0/../../../../avr/lib/avr5\libc.a(ultoa_invert.o)
 .data          0x00000000        0x0 c:/program files (x86)/atmel/studio/7.0/toolchain/avr8/avr8-gnu-toolchain/bin/../lib/gcc/avr/5.4.0/../../../../avr/lib/avr5\libc.a(ultoa_invert.o)
 .bss           0x00000000        0x0 c:/program files (x86)/atmel/studio/7.0/toolchain/avr8/avr8-gnu-toolchain/bin/../lib/gcc/avr/5.4.0/../../../../avr/lib/avr5\libc.a(ultoa_invert.o)
 .text.avr-libc
                0x00000000       0xbc c:/program files (x86)/atmel/studio/7.0/toolchain/avr8/avr8-gnu-toolchain/bin/../lib/gcc/avr/5.4.0/../../../../avr/lib/avr5\libc.a(ultoa_invert.o)
 .text          0x00000000        0x0 c:/program files (x86)/atmel/studio/7.0/toolchain/avr8/avr8-gnu-toolchain/bin/../lib/gcc/avr/5.4.0/avr5\libgcc.a(_prologue.o)
 .data          0x00000000        0x0 c:/program files (x86)/atmel/studio/7.0/toolchain/avr8/avr8-gnu-toolchain/bin/../lib/gcc/avr/5.4.0/avr5\libgcc.a(_prologue.o)
 .bss           0x00000000        0x0 c:/program files (x86)/atmel/studio/7.0/toolchain/avr8/avr8-gnu-toolchain/bin/../lib/gcc/avr/5.4.0/avr5\libgcc.a(_prologue.o)
 .text.libgcc.mul
                0x00000000        0x0 c:/program files (x86)/atmel/studio/7.0/toolchain/avr8/avr8-gnu-toolchain/bin/../lib/gcc/avr/5.4.0/avr5\libgcc.a(_prologue.o)
 .text.libgcc.div
                0x00000000        0x0 c:/program files (x86)/atmel/studio/7.0/toolchain/avr8/avr8-gnu-toolchain/bin/../lib/gcc/avr/5.4.0/avr5\libgcc.a(_prologue.o)
 .text.libgcc   0x00000000        0x0 c:/program files (x86)/atmel/studio/7.0/toolchain/avr8/avr8-gnu-toolchain/bin/../lib/gcc/avr/5.4.0/avr5\libgcc.a(_prologue.o)
 .text.libgcc.prologue
                0x00000000       0x38 c:/program files (x86)/atmel/studio/7.0/toolchain/avr8/avr8-gnu-toolchain/bin/../lib/gcc/avr/5.4.0/avr5\libgcc.a(_prologue.o)
 .text.libgcc.builtins
                0x00000000        0x0 c:/program files (x86)/atmel/studio/7.0/toolchain/avr8/avr8-gnu-toolchain/bin/../lib/gcc/avr/5.4.0/avr5\libgcc.a(_prologue.o)
 .text.libgcc.fmul
                0x00000000        0x0 c:/program files (x86)/atmel/studio/7.0/toolchain/avr8/avr8-gnu-toolchain/bin/../lib/gcc/avr/5.4.0/avr5\libgcc.a(_prologue.o)
 .text.libgcc.fixed
                0x00000000        0x0 c:/program files (x86)/atmel/studio/7.0/toolchain/avr8/avr8-gnu-toolchain/bin/../lib/gcc/avr/5.4.0/avr5\libgcc.a(_prologue.o)
 .text          0x00000000        0x0 c:/program files (x86)/atmel/studio/7.0/toolchain/avr8/avr8-gnu-toolchain/bin/../lib/gcc/avr/5.4.0/avr5\libgcc.a(_epilogue.o)
 .data          0x00000000        0x0 c:/program files (x86)/atmel/studio/7.0/toolchain/avr8/avr8-gnu-toolchain/bin/../lib/gcc/avr/5.4.0/avr5\libgcc.a(_epilogue.o)
 .bss           0x00000000        0x0 c:/program files (x86)/atmel/studio/7.0/toolchain/avr8/avr8-gnu-toolchain/bin/../lib/gcc/avr/5.4.0/avr5\libgcc.a(_epilogue.o)
 .text.libgcc.mul
                0x00000000        0x0 c:/program files (x86)/atmel/studio/7.0/toolchain/avr8/avr8-gnu-toolchain/bin/../lib/gcc/avr/5.4.0/avr5\libgcc.a(_epilogue.o)
 .text.libgcc.div
                0x00000000        0x0 c:/program files (x86)/atmel/studio/7.0/toolchain/avr8/avr8-gnu-toolchain/bin/../lib/gcc/avr/5.4.0/avr5\libgcc.a(_epilogue.o)
 .text.libgcc   0x00000000        0x0 c:/program files (x86)/atmel/studio/7.0/toolchain/avr8/avr8-gnu-toolchain/bin/../lib/gcc/avr/5.4.0/avr5\libgcc.a(_epilogue.o)
 .text.libgcc.prologue
                0x00000000       0x36 c:/program files (x86)/atmel/studio/7.0/toolchain/avr8/avr8-gnu-toolchain/bin/../lib/gcc/avr/5.4.0/avr5\libgcc.a(_epilogue.o)
 .text.libgcc.builtins
                0x00000000        0x0 c:/program files (x86)/atmel/studio/7.0/toolchain/avr8/avr8-gnu-toolchain/bin/../lib/gcc/avr/5.4.0/avr5\libgcc.a(_epilogue.o)
 .text.libgcc.fmul
                0x00000000        0x0 c:/program files (x86)/atmel/studio/7.0/toolchain/avr8/avr8-gnu-toolchain/bin/../lib/gcc/avr/5.4.0/avr5\libgcc.a(_epilogue.o)
 .text.libgcc.fixed
                0x00000000        0x0 c:/program files (x86)/atmel/studio/7.0/toolchain/avr8/avr8-gnu-toolchain/bin/../lib/gcc/avr/5.4.0/avr5\libgcc.a(_epilogue.o)

Memory Configuration

Name             Origin             Length             Attributes
text             0x00000000         0x00008000         xr
data             0x00800060         0x00000800         rw !x
eeprom           0x00810000         0x00000400         rw !x
fuse             0x00820000         0x00000002         rw !x
lock             0x00830000         0x00000400         rw !x
signature        0x00840000         0x00000400         rw !x
user_signatures  0x00850000         0x00000400         rw !x
*default*        0x00000000         0xffffffff

Linker script and memory map

LOAD C:/Program Files (x86)/Atmel/Studio/7.0/Packs/atmel/ATmega_DFP/1.7.374/gcc/dev/atmega32/avr5/crtatmega32.o
LOAD ECU_LAYER/BUTTON/ecu_button.o
LOAD ECU_LAYER/KRYPAD/ecu_keypad.o
LOAD ECU_LAYER/LCD/ecu_lcd.o
LOAD ECU_LAYER/Seven_Segment/ecu_seven_segment.o
LOAD main.o
LOAD MCAL_LAYER/GPIO/gpio.o
LOAD MCAL_LAYER/INTERRUPTS/external_interrupt.o
LOAD MCAL_LAYER/PORT/port.o
START GROUP
LOAD c:/program files (x86)/atmel/studio/7.0/toolchain/avr8/avr8-gnu-toolchain/bin/../lib/gcc/avr/5.4.0/../../../../avr/lib/avr5\libm.a
END GROUP
START GROUP
LOAD c:/program files (x86)/atmel/studio/7.0/toolchain/avr8/avr8-gnu-toolchain/bin/../lib/gcc/avr/5.4.0/avr5\libgcc.a
LOAD c:/program files (x86)/atmel/studio/7.0/toolchain/avr8/avr8-gnu-toolchain/bin/../lib/gcc/avr/5.4.0/../../../../avr/lib/avr5\libm.a
LOAD c:/program files (x86)/atmel/studio/7.0/toolchain/avr8/avr8-gnu-toolchain/bin/../lib/gcc/avr/5.4.0/../../../../avr/lib/avr5\libc.a
LOAD C:/Program Files (x86)/Atmel/Studio/7.0/Packs/atmel/ATmega_DFP/1.7.374/gcc/dev/atmega32/avr5\libatmega32.a
END GROUP
                0x00000000                __TEXT_REGION_ORIGIN__ = DEFINED (__TEXT_REGION_ORIGIN__)?__TEXT_REGION_ORIGIN__:0x0
                [0x00800060]                __DATA_REGION_ORIGIN__ = DEFINED (__DATA_REGION_ORIGIN__)?__DATA_REGION_ORIGIN__:0x800060
                [0x00008000]                __TEXT_REGION_LENGTH__ = DEFINED (__TEXT_REGION_LENGTH__)?__TEXT_REGION_LENGTH__:0x20000
                [0x00000800]                __DATA_REGION_LENGTH__ = DEFINED (__DATA_REGION_LENGTH__)?__DATA_REGION_LENGTH__:0xffa0
                [0x00000400]                __EEPROM_REGION_LENGTH__ = DEFINED (__EEPROM_REGION_LENGTH__)?__EEPROM_REGION_LENGTH__:0x10000
                [0x00000002]                __FUSE_REGION_LENGTH__ = DEFINED (__FUSE_REGION_LENGTH__)?__FUSE_REGION_LENGTH__:0x400
                0x00000400                __LOCK_REGION_LENGTH__ = DEFINED (__LOCK_REGION_LENGTH__)?__LOCK_REGION_LENGTH__:0x400
                0x00000400                __SIGNATURE_REGION_LENGTH__ = DEFINED (__SIGNATURE_REGION_LENGTH__)?__SIGNATURE_REGION_LENGTH__:0x400
                0x00000400                __USER_SIGNATURE_REGION_LENGTH__ = DEFINED (__USER_SIGNATURE_REGION_LENGTH__)?__USER_SIGNATURE_REGION_LENGTH__:0x400

.hash
 *(.hash)

.dynsym
 *(.dynsym)

.dynstr
 *(.dynstr)

.gnu.version
 *(.gnu.version)

.gnu.version_d
 *(.gnu.version_d)

.gnu.version_r
 *(.gnu.version_r)

.rel.init
 *(.rel.init)

.rela.init
 *(.rela.init)

.rel.text
 *(.rel.text)
 *(.rel.text.*)
 *(.rel.gnu.linkonce.t*)

.rela.text
 *(.rela.text)
 *(.rela.text.*)
 *(.rela.gnu.linkonce.t*)

.rel.fini
 *(.rel.fini)

.rela.fini
 *(.rela.fini)

.rel.rodata
 *(.rel.rodata)
 *(.rel.rodata.*)
 *(.rel.gnu.linkonce.r*)

.rela.rodata
 *(.rela.rodata)
 *(.rela.rodata.*)
 *(.rela.gnu.linkonce.r*)

.rel.data
 *(.rel.data)
 *(.rel.data.*)
 *(.rel.gnu.linkonce.d*)

.rela.data
 *(.rela.data)
 *(.rela.data.*)
 *(.rela.gnu.linkonce.d*)

.rel.ctors
 *(.rel.ctors)

.rela.ctors
 *(.rela.ctors)

.rel.dtors
 *(.rel.dtors)

.rela.dtors
 *(.rela.dtors)

.rel.got
 *(.rel.got)

.rela.got
 *(.rela.got)

.rel.bss
 *(.rel.bss)

.rela.bss
 *(.rela.bss)

.rel.plt
 *(.rel.plt)

.rela.plt
 *(.rela.plt)

.text           0x00000000      0x474
 *(.vectors)
 .vectors       0x00000000       0x54 C:/Program Files (x86)/Atmel/Studio/7.0/Packs/atmel/ATmega_DFP/1.7.374/gcc/dev/atmega32/avr5/crtatmega32.o
                0x00000000                __vector_default
                0x00000000                __vectors
 *(.vectors)
 *(.progmem.gcc*)
                0x00000054                . = ALIGN (0x2)
                0x00000054                __trampolines_start = .
 *(.trampolines)
 .trampolines   0x00000054        0x0 linker stubs
 *(.trampolines*)
                0x00000054                __trampolines_end = .
 *libprintf_flt.a:*(.progmem.data)
 *libc.a:*(.progmem.data)
 *(.progmem*)
                0x00000054                . = ALIGN (0x2)
 *(.jumptables)
 *(.jumptables*)
 *(.lowtext)
 *(.lowtext*)
                0x00000054                __ctors_start = .
 *(.ctors)
                0x00000054                __ctors_end = .
                0x00000054                __dtors_start = .
 *(.dtors)
                0x00000054                __dtors_end = .
 SORT(*)(.ctors)
 SORT(*)(.dtors)
 *(.init0)
 .init0         0x00000054        0x0 C:/Program Files (x86)/Atmel/Studio/7.0/Packs/atmel/ATmega_DFP/1.7.374/gcc/dev/atmega32/avr5/crtatmega32.o
                0x00000054                __init
 *(.init0)
 *(.init1)
 *(.init1)
 *(.init2)
 .init2         0x00000054        0xc C:/Program Files (x86)/Atmel/Studio/7.0/Packs/atmel/ATmega_DFP/1.7.374/gcc/dev/atmega32/avr5/crtatmega32.o
 *(.init2)
 *(.init3)
 *(.init3)
 *(.init4)
 .init4         0x00000060       0x16 c:/program files (x86)/atmel/studio/7.0/toolchain/avr8/avr8-gnu-toolchain/bin/../lib/gcc/avr/5.4.0/avr5\libgcc.a(_copy_data.o)
                0x00000060                __do_copy_data
 .init4         0x00000076       0x10 c:/program files (x86)/atmel/studio/7.0/toolchain/avr8/avr8-gnu-toolchain/bin/../lib/gcc/avr/5.4.0/avr5\libgcc.a(_clear_bss.o)
                0x00000076                __do_clear_bss
 *(.init4)
 *(.init5)
 *(.init5)
 *(.init6)
 *(.init6)
 *(.init7)
 *(.init7)
 *(.init8)
 *(.init8)
 *(.init9)
 .init9         0x00000086        0x8 C:/Program Files (x86)/Atmel/Studio/7.0/Packs/atmel/ATmega_DFP/1.7.374/gcc/dev/atmega32/avr5/crtatmega32.o
 *(.init9)
 *(.text)
 .text          0x0000008e        0x4 C:/Program Files (x86)/Atmel/Studio/7.0/Packs/atmel/ATmega_DFP/1.7.374/gcc/dev/atmega32/avr5/crtatmega32.o
                0x0000008e                __vector_12
                0x0000008e                __bad_interrupt
                0x0000008e                __vector_6
                0x0000008e                __vector_11
                0x0000008e                __vector_13
                0x0000008e                __vector_17
                0x0000008e                __vector_19
                0x0000008e                __vector_7
                0x0000008e                __vector_5
                0x0000008e                __vector_4
                0x0000008e                __vector_9
                0x0000008e                __vector_15
                0x0000008e                __vector_8
                0x0000008e                __vector_14
                0x0000008e                __vector_10
                0x0000008e                __vector_16
                0x0000008e                __vector_18
                0x0000008e                __vector_20
                0x00000092                . = ALIGN (0x2)
 *(.text.*)
 .text.isr      0x00000092       0x28 main.o
                0x00000092                isr
 .text.main     0x000000ba       0x12 main.o
                0x000000ba                main
 .text.gpio_pin_direction_initialize
                0x000000cc       0x88 MCAL_LAYER/GPIO/gpio.o
                0x000000cc                gpio_pin_direction_initialize
 .text.gpio_pin_write_logic
                0x00000154       0x88 MCAL_LAYER/GPIO/gpio.o
                0x00000154                gpio_pin_write_logic
 .text.gpio_pin_initialize
                0x000001dc       0x3a MCAL_LAYER/GPIO/gpio.o
                0x000001dc                gpio_pin_initialize
 .text.mode_select_int0
                0x00000216       0x4c MCAL_LAYER/INTERRUPTS/external_interrupt.o
 .text.mode_select_int1
                0x00000262       0x4c MCAL_LAYER/INTERRUPTS/external_interrupt.o
 .text.mode_select_int2
                0x000002ae       0x1c MCAL_LAYER/INTERRUPTS/external_interrupt.o
 .text.Intx_Init
                0x000002ca       0x9e MCAL_LAYER/INTERRUPTS/external_interrupt.o
                0x000002ca                Intx_Init
 .text.__vector_1
                0x00000368       0x58 MCAL_LAYER/INTERRUPTS/external_interrupt.o
                0x00000368                __vector_1
 .text.__vector_2
                0x000003c0       0x58 MCAL_LAYER/INTERRUPTS/external_interrupt.o
                0x000003c0                __vector_2
 .text.__vector_3
                0x00000418       0x58 MCAL_LAYER/INTERRUPTS/external_interrupt.o
                0x00000418                __vector_3
                0x00000470                . = ALIGN (0x2)
 *(.fini9)
 .fini9         0x00000470        0x0 c:/program files (x86)/atmel/studio/7.0/toolchain/avr8/avr8-gnu-toolchain/bin/../lib/gcc/avr/5.4.0/avr5\libgcc.a(_exit.o)
                0x00000470                _exit
                0x00000470                exit
 *(.fini9)
 *(.fini8)
 *(.fini8)
 *(.fini7)
 *(.fini7)
 *(.fini6)
 *(.fini6)
 *(.fini5)
 *(.fini5)
 *(.fini4)
 *(.fini4)
 *(.fini3)
 *(.fini3)
 *(.fini2)
 *(.fini2)
 *(.fini1)
 *(.fini1)
 *(.fini0)
 .fini0         0x00000470        0x4 c:/program files (x86)/atmel/studio/7.0/toolchain/avr8/avr8-gnu-toolchain/bin/../lib/gcc/avr/5.4.0/avr5\libgcc.a(_exit.o)
 *(.fini0)
                0x00000474                _etext = .

.data           0x00800060       0x18 load address 0x00000474
                0x00800060                PROVIDE (__data_start, .)
 *(.data)
 *(.data*)
 .data.pin_j    0x00800060        0x4 main.o
                0x00800060                pin_j
 .data.in0      0x00800064        0x4 main.o
                0x00800064                in0
 *(.gnu.linkonce.d*)
 *(.rodata)
 *(.rodata*)
 .rodata.DDR_registers
                0x00800068        0x8 MCAL_LAYER/GPIO/gpio.o
 .rodata.port_registers
                0x00800070        0x8 MCAL_LAYER/GPIO/gpio.o
 *(.gnu.linkonce.r*)
                0x00800078                . = ALIGN (0x2)
                0x00800078                _edata = .
                0x00800078                PROVIDE (__data_end, .)

.bss            0x00800078        0x6
                0x00800078                PROVIDE (__bss_start, .)
 *(.bss)
 *(.bss*)
 .bss.INT2_HANDLER
                0x00800078        0x2 MCAL_LAYER/INTERRUPTS/external_interrupt.o
 .bss.INT1_HANDLER
                0x0080007a        0x2 MCAL_LAYER/INTERRUPTS/external_interrupt.o
 .bss.INT0_HANDLER
                0x0080007c        0x2 MCAL_LAYER/INTERRUPTS/external_interrupt.o
 *(COMMON)
                0x0080007e                PROVIDE (__bss_end, .)
                0x00000474                __data_load_start = LOADADDR (.data)
                0x0000048c                __data_load_end = (__data_load_start + SIZEOF (.data))

.noinit         0x0080007e        0x0
                [!provide]                PROVIDE (__noinit_start, .)
 *(.noinit*)
                [!provide]                PROVIDE (__noinit_end, .)
                0x0080007e                _end = .
                [!provide]                PROVIDE (__heap_start, .)

.eeprom         0x00810000        0x0
 *(.eeprom*)
                0x00810000                __eeprom_end = .

.fuse
 *(.fuse)
 *(.lfuse)
 *(.hfuse)
 *(.efuse)

.lock
 *(.lock*)

.signature
 *(.signature*)

.user_signatures
 *(.user_signatures*)

.stab
 *(.stab)

.stabstr
 *(.stabstr)

.stab.excl
 *(.stab.excl)

.stab.exclstr
 *(.stab.exclstr)

.stab.index
 *(.stab.index)

.stab.indexstr
 *(.stab.indexstr)

.comment        0x00000000       0x30
 *(.comment)
 .comment       0x00000000       0x30 main.o
                                 0x31 (size before relaxing)
 .comment       0x00000030       0x31 MCAL_LAYER/GPIO/gpio.o
 .comment       0x00000030       0x31 MCAL_LAYER/INTERRUPTS/external_interrupt.o

.note.gnu.avr.deviceinfo
                0x00000000       0x3c
 .note.gnu.avr.deviceinfo
                0x00000000       0x3c C:/Program Files (x86)/Atmel/Studio/7.0/Packs/atmel/ATmega_DFP/1.7.374/gcc/dev/atmega32/avr5/crtatmega32.o

.note.gnu.build-id
 *(.note.gnu.build-id)

.debug
 *(.debug)

.line
 *(.line)

.debug_srcinfo
 *(.debug_srcinfo)

.debug_sfnames
 *(.debug_sfnames)

.debug_aranges  0x00000000       0xe0
 *(.debug_aranges)
 .debug_aranges
                0x00000000       0x28 main.o
 .debug_aranges
                0x00000028       0x60 MCAL_LAYER/GPIO/gpio.o
 .debug_aranges
                0x00000088       0x58 MCAL_LAYER/INTERRUPTS/external_interrupt.o

.debug_pubnames
 *(.debug_pubnames)

.debug_info     0x00000000     0x10ab
 *(.debug_info .gnu.linkonce.wi.*)
 .debug_info    0x00000000      0x4e6 C:/Program Files (x86)/Atmel/Studio/7.0/Packs/atmel/ATmega_DFP/1.7.374/gcc/dev/atmega32/avr5/crtatmega32.o
 .debug_info    0x000004e6      0x3c1 main.o
 .debug_info    0x000008a7      0x4c4 MCAL_LAYER/GPIO/gpio.o
 .debug_info    0x00000d6b      0x340 MCAL_LAYER/INTERRUPTS/external_interrupt.o

.debug_abbrev   0x00000000      0x8eb
 *(.debug_abbrev)
 .debug_abbrev  0x00000000      0x4a3 C:/Program Files (x86)/Atmel/Studio/7.0/Packs/atmel/ATmega_DFP/1.7.374/gcc/dev/atmega32/avr5/crtatmega32.o
 .debug_abbrev  0x000004a3      0x18c main.o
 .debug_abbrev  0x0000062f      0x14c MCAL_LAYER/GPIO/gpio.o
 .debug_abbrev  0x0000077b      0x170 MCAL_LAYER/INTERRUPTS/external_interrupt.o

.debug_line     0x00000000      0x8c9
 *(.debug_line .debug_line.* .debug_line_end)
 .debug_line    0x00000000      0x116 C:/Program Files (x86)/Atmel/Studio/7.0/Packs/atmel/ATmega_DFP/1.7.374/gcc/dev/atmega32/avr5/crtatmega32.o
 .debug_line    0x00000116      0x1ca main.o
 .debug_line    0x000002e0      0x297 MCAL_LAYER/GPIO/gpio.o
 .debug_line    0x00000577      0x352 MCAL_LAYER/INTERRUPTS/external_interrupt.o

.debug_frame    0x00000000      0x25c
 *(.debug_frame)
 .debug_frame   0x00000000       0x34 main.o
 .debug_frame   0x00000034       0xb0 MCAL_LAYER/GPIO/gpio.o
 .debug_frame   0x000000e4      0x178 MCAL_LAYER/INTERRUPTS/external_interrupt.o

.debug_str      0x00000000      0x68f
 *(.debug_str)
 .debug_str     0x00000000      0x196 C:/Program Files (x86)/Atmel/Studio/7.0/Packs/atmel/ATmega_DFP/1.7.374/gcc/dev/atmega32/avr5/crtatmega32.o
 .debug_str     0x00000196      0x2f7 main.o
                                0x336 (size before relaxing)
 .debug_str     0x0000048d      0x10d MCAL_LAYER/GPIO/gpio.o
                                0x36b (size before relaxing)
 .debug_str     0x0000059a       0xf5 MCAL_LAYER/INTERRUPTS/external_interrupt.o
                                0x2b3 (size before relaxing)

.debug_loc      0x00000000      0x8c4
 *(.debug_loc)
 .debug_loc     0x00000000       0x48 main.o
 .debug_loc     0x00000048      0x41e MCAL_LAYER/GPIO/gpio.o
 .debug_loc     0x00000466      0x45e MCAL_LAYER/INTERRUPTS/external_interrupt.o

.debug_macinfo
 *(.debug_macinfo)

.debug_weaknames
 *(.debug_weaknames)

.debug_funcnames
 *(.debug_funcnames)

.debug_typenames
 *(.debug_typenames)

.debug_varnames
 *(.debug_varnames)

.debug_pubtypes
 *(.debug_pubtypes)

.debug_ranges   0x00000000       0xb0
 *(.debug_ranges)
 .debug_ranges  0x00000000       0x18 main.o
 .debug_ranges  0x00000018       0x50 MCAL_LAYER/GPIO/gpio.o
 .debug_ranges  0x00000068       0x48 MCAL_LAYER/INTERRUPTS/external_interrupt.o

.debug_macro
 *(.debug_macro)
OUTPUT(ATMEGA32.elf elf32-avr)
LOAD linker stubs
